// Jest Snapshot v1, https://goo.gl/fbAQLP

exports[`Custom button should match snapshot 1`] = `
<button
  className="btn  medium"
  disabled={false}
  onClick={undefined}
  style={undefined}
  type="button"
/>
`;
